2025-08-13 15:04:09,903 - ProtocolRegistry - INFO - Registered protocol handler: modbus_tcp
2025-08-13 15:04:09,903 - HydrosSystem - INFO - Initialized Hydros system in hybrid mode
2025-08-13 15:04:09,904 - HydrosSystem - INFO - Starting Hydros system
2025-08-13 15:04:09,927 - PlantModel - INFO - Loaded plant configuration from config/plant_config.yaml
2025-08-13 15:04:09,927 - PlantModel - INFO - Configured 9 plant modules
2025-08-13 15:04:09,927 - HydrosSystem - INFO - Initializing hybrid mode
2025-08-13 15:04:09,927 - HydrosSystem - INFO - Initializing simulation mode
2025-08-13 15:04:09,950 - PlantModel - INFO - Loaded plant configuration from config/plant_config.yaml
2025-08-13 15:04:09,950 - PlantModel - INFO - Configured 9 plant modules
2025-08-13 15:04:09,978 - SimulationEngine - INFO - Simulation initialized with 7 components
2025-08-13 15:04:09,979 - ProtocolRegistry - INFO - Created modbus_tcp handler: sim_modbus_server
2025-08-13 15:04:10,010 - ModbusHandler_server - INFO - Loaded 37 Modbus mappings
2025-08-13 15:04:10,010 - ModbusHandler_server - INFO - Initialized Modbus server data blocks: HR=1103, IR=3130, CO=1000, DI=1000
2025-08-13 15:04:10,046 - EdgeGateway - INFO - Loaded gateway config: site=wtp-porto-01, 1 PLCs, 37 parameters
2025-08-13 15:04:10,046 - SimulationEngine - INFO - Simulation engine started
2025-08-13 15:04:10,046 - ModbusHandler_server - INFO - Starting Modbus server on 0.0.0.0:5020
2025-08-13 15:04:10,048 - pymodbus.logging - INFO - Server listening.
2025-08-13 15:04:13,050 - SimulationEngine - INFO - Starting simulation loop in real_time mode
2025-08-13 15:04:13,051 - EdgeGateway - INFO - Starting edge gateway
2025-08-13 15:04:13,053 - EdgeGateway - INFO - Connected to MQTT broker localhost
2025-08-13 15:04:13,163 - gateway.plc_readers - INFO - Connected to Modbus TCP (async) at localhost:5020
2025-08-13 15:04:13,163 - EdgeGateway - INFO - Connected PLC reader: modbus_tcp_plc (modbus_tcp)
2025-08-13 15:04:15,164 - EdgeGateway - INFO - Starting gateway loop in hybrid mode
2025-08-13 15:04:43,106 - SimulationEngine - INFO - === Simulation Statistics ===
2025-08-13 15:04:43,106 - SimulationEngine - INFO - Simulation time: 3.1s
2025-08-13 15:04:43,106 - SimulationEngine - INFO - Simulation cycles: 31
2025-08-13 15:04:43,106 - SimulationEngine - INFO - Average cycle time: 0.4ms
2025-08-13 15:04:43,106 - SimulationEngine - INFO - Active components: 7
2025-08-13 15:04:43,106 - SimulationEngine - INFO - Total parameters: 36
2025-08-13 15:04:43,106 - SimulationEngine - INFO - Time scale: 1.0x
2025-08-13 15:05:13,165 - SimulationEngine - INFO - === Simulation Statistics ===
2025-08-13 15:05:13,165 - SimulationEngine - INFO - Simulation time: 6.1s
2025-08-13 15:05:13,165 - SimulationEngine - INFO - Simulation cycles: 61
2025-08-13 15:05:13,166 - SimulationEngine - INFO - Average cycle time: 0.6ms
2025-08-13 15:05:13,166 - SimulationEngine - INFO - Active components: 7
2025-08-13 15:05:13,166 - SimulationEngine - INFO - Total parameters: 36
2025-08-13 15:05:13,166 - SimulationEngine - INFO - Time scale: 1.0x
2025-08-13 15:05:13,619 - EdgeGateway - INFO - Gateway stats: 30 reads, 100.0% success, 1110 MQTT publishes
2025-08-13 15:05:43,213 - SimulationEngine - INFO - === Simulation Statistics ===
2025-08-13 15:05:43,213 - SimulationEngine - INFO - Simulation time: 9.1s
2025-08-13 15:05:43,213 - SimulationEngine - INFO - Simulation cycles: 91
2025-08-13 15:05:43,213 - SimulationEngine - INFO - Average cycle time: 0.4ms
2025-08-13 15:05:43,214 - SimulationEngine - INFO - Active components: 7
2025-08-13 15:05:43,214 - SimulationEngine - INFO - Total parameters: 36
2025-08-13 15:05:43,214 - SimulationEngine - INFO - Time scale: 1.0x
2025-08-13 15:06:13,261 - SimulationEngine - INFO - === Simulation Statistics ===
2025-08-13 15:06:13,262 - SimulationEngine - INFO - Simulation time: 12.1s
2025-08-13 15:06:13,262 - SimulationEngine - INFO - Simulation cycles: 121
2025-08-13 15:06:13,262 - SimulationEngine - INFO - Average cycle time: 0.4ms
2025-08-13 15:06:13,262 - SimulationEngine - INFO - Active components: 7
2025-08-13 15:06:13,262 - SimulationEngine - INFO - Total parameters: 36
2025-08-13 15:06:13,262 - SimulationEngine - INFO - Time scale: 1.0x
2025-08-13 15:06:14,065 - EdgeGateway - INFO - Gateway stats: 60 reads, 100.0% success, 2220 MQTT publishes
2025-08-13 15:06:43,304 - SimulationEngine - INFO - === Simulation Statistics ===
2025-08-13 15:06:43,304 - SimulationEngine - INFO - Simulation time: 15.1s
2025-08-13 15:06:43,304 - SimulationEngine - INFO - Simulation cycles: 151
2025-08-13 15:06:43,304 - SimulationEngine - INFO - Average cycle time: 0.4ms
2025-08-13 15:06:43,305 - SimulationEngine - INFO - Active components: 7
2025-08-13 15:06:43,305 - SimulationEngine - INFO - Total parameters: 36
2025-08-13 15:06:43,305 - SimulationEngine - INFO - Time scale: 1.0x
2025-08-13 15:07:13,358 - SimulationEngine - INFO - === Simulation Statistics ===
2025-08-13 15:07:13,358 - SimulationEngine - INFO - Simulation time: 18.1s
2025-08-13 15:07:13,358 - SimulationEngine - INFO - Simulation cycles: 181
2025-08-13 15:07:13,359 - SimulationEngine - INFO - Average cycle time: 0.4ms
2025-08-13 15:07:13,359 - SimulationEngine - INFO - Active components: 7
2025-08-13 15:07:13,359 - SimulationEngine - INFO - Total parameters: 36
2025-08-13 15:07:13,359 - SimulationEngine - INFO - Time scale: 1.0x
2025-08-13 15:07:14,511 - EdgeGateway - INFO - Gateway stats: 90 reads, 100.0% success, 3330 MQTT publishes
2025-08-13 15:07:43,410 - SimulationEngine - INFO - === Simulation Statistics ===
2025-08-13 15:07:43,410 - SimulationEngine - INFO - Simulation time: 21.1s
2025-08-13 15:07:43,410 - SimulationEngine - INFO - Simulation cycles: 211
2025-08-13 15:07:43,410 - SimulationEngine - INFO - Average cycle time: 0.4ms
2025-08-13 15:07:43,410 - SimulationEngine - INFO - Active components: 7
2025-08-13 15:07:43,410 - SimulationEngine - INFO - Total parameters: 36
2025-08-13 15:07:43,410 - SimulationEngine - INFO - Time scale: 1.0x
2025-08-13 15:08:13,458 - SimulationEngine - INFO - === Simulation Statistics ===
2025-08-13 15:08:13,458 - SimulationEngine - INFO - Simulation time: 24.1s
2025-08-13 15:08:13,458 - SimulationEngine - INFO - Simulation cycles: 241
2025-08-13 15:08:13,459 - SimulationEngine - INFO - Average cycle time: 0.4ms
2025-08-13 15:08:13,459 - SimulationEngine - INFO - Active components: 7
2025-08-13 15:08:13,459 - SimulationEngine - INFO - Total parameters: 36
2025-08-13 15:08:13,459 - SimulationEngine - INFO - Time scale: 1.0x
2025-08-13 15:08:14,960 - EdgeGateway - INFO - Gateway stats: 120 reads, 100.0% success, 4440 MQTT publishes
2025-08-13 15:08:43,507 - SimulationEngine - INFO - === Simulation Statistics ===
2025-08-13 15:08:43,507 - SimulationEngine - INFO - Simulation time: 27.1s
2025-08-13 15:08:43,507 - SimulationEngine - INFO - Simulation cycles: 271
2025-08-13 15:08:43,508 - SimulationEngine - INFO - Average cycle time: 0.4ms
2025-08-13 15:08:43,508 - SimulationEngine - INFO - Active components: 7
2025-08-13 15:08:43,508 - SimulationEngine - INFO - Total parameters: 36
2025-08-13 15:08:43,508 - SimulationEngine - INFO - Time scale: 1.0x
2025-08-13 15:09:13,553 - SimulationEngine - INFO - === Simulation Statistics ===
2025-08-13 15:09:13,553 - SimulationEngine - INFO - Simulation time: 30.1s
2025-08-13 15:09:13,554 - SimulationEngine - INFO - Simulation cycles: 301
2025-08-13 15:09:13,554 - SimulationEngine - INFO - Average cycle time: 0.4ms
2025-08-13 15:09:13,554 - SimulationEngine - INFO - Active components: 7
2025-08-13 15:09:13,554 - SimulationEngine - INFO - Total parameters: 36
2025-08-13 15:09:13,554 - SimulationEngine - INFO - Time scale: 1.0x
2025-08-13 15:09:15,416 - EdgeGateway - INFO - Gateway stats: 150 reads, 100.0% success, 5550 MQTT publishes
2025-08-13 15:09:43,599 - SimulationEngine - INFO - === Simulation Statistics ===
2025-08-13 15:09:43,600 - SimulationEngine - INFO - Simulation time: 33.1s
2025-08-13 15:09:43,600 - SimulationEngine - INFO - Simulation cycles: 331
2025-08-13 15:09:43,600 - SimulationEngine - INFO - Average cycle time: 0.4ms
2025-08-13 15:09:43,600 - SimulationEngine - INFO - Active components: 7
2025-08-13 15:09:43,600 - SimulationEngine - INFO - Total parameters: 36
2025-08-13 15:09:43,600 - SimulationEngine - INFO - Time scale: 1.0x
2025-08-13 15:10:13,654 - SimulationEngine - INFO - === Simulation Statistics ===
2025-08-13 15:10:13,655 - SimulationEngine - INFO - Simulation time: 36.1s
2025-08-13 15:10:13,655 - SimulationEngine - INFO - Simulation cycles: 361
2025-08-13 15:10:13,655 - SimulationEngine - INFO - Average cycle time: 0.4ms
2025-08-13 15:10:13,656 - SimulationEngine - INFO - Active components: 7
2025-08-13 15:10:13,656 - SimulationEngine - INFO - Total parameters: 36
2025-08-13 15:10:13,656 - SimulationEngine - INFO - Time scale: 1.0x
2025-08-13 15:10:15,869 - EdgeGateway - INFO - Gateway stats: 180 reads, 100.0% success, 6660 MQTT publishes
2025-08-13 15:10:43,707 - SimulationEngine - INFO - === Simulation Statistics ===
2025-08-13 15:10:43,707 - SimulationEngine - INFO - Simulation time: 39.1s
2025-08-13 15:10:43,707 - SimulationEngine - INFO - Simulation cycles: 391
2025-08-13 15:10:43,707 - SimulationEngine - INFO - Average cycle time: 0.4ms
2025-08-13 15:10:43,707 - SimulationEngine - INFO - Active components: 7
2025-08-13 15:10:43,707 - SimulationEngine - INFO - Total parameters: 36
2025-08-13 15:10:43,707 - SimulationEngine - INFO - Time scale: 1.0x
2025-08-13 15:11:13,758 - SimulationEngine - INFO - === Simulation Statistics ===
2025-08-13 15:11:13,758 - SimulationEngine - INFO - Simulation time: 42.1s
2025-08-13 15:11:13,758 - SimulationEngine - INFO - Simulation cycles: 421
2025-08-13 15:11:13,758 - SimulationEngine - INFO - Average cycle time: 0.4ms
2025-08-13 15:11:13,758 - SimulationEngine - INFO - Active components: 7
2025-08-13 15:11:13,758 - SimulationEngine - INFO - Total parameters: 36
2025-08-13 15:11:13,759 - SimulationEngine - INFO - Time scale: 1.0x
2025-08-13 15:11:16,314 - EdgeGateway - INFO - Gateway stats: 210 reads, 100.0% success, 7770 MQTT publishes
2025-08-13 15:11:43,806 - SimulationEngine - INFO - === Simulation Statistics ===
2025-08-13 15:11:43,806 - SimulationEngine - INFO - Simulation time: 45.1s
2025-08-13 15:11:43,807 - SimulationEngine - INFO - Simulation cycles: 451
2025-08-13 15:11:43,807 - SimulationEngine - INFO - Average cycle time: 0.4ms
2025-08-13 15:11:43,807 - SimulationEngine - INFO - Active components: 7
2025-08-13 15:11:43,807 - SimulationEngine - INFO - Total parameters: 36
2025-08-13 15:11:43,807 - SimulationEngine - INFO - Time scale: 1.0x
2025-08-13 15:12:13,853 - SimulationEngine - INFO - === Simulation Statistics ===
2025-08-13 15:12:13,853 - SimulationEngine - INFO - Simulation time: 48.1s
2025-08-13 15:12:13,854 - SimulationEngine - INFO - Simulation cycles: 481
2025-08-13 15:12:13,854 - SimulationEngine - INFO - Average cycle time: 0.4ms
2025-08-13 15:12:13,854 - SimulationEngine - INFO - Active components: 7
2025-08-13 15:12:13,854 - SimulationEngine - INFO - Total parameters: 36
2025-08-13 15:12:13,854 - SimulationEngine - INFO - Time scale: 1.0x
2025-08-13 15:12:16,774 - EdgeGateway - INFO - Gateway stats: 240 reads, 100.0% success, 8880 MQTT publishes
2025-08-13 15:12:43,902 - SimulationEngine - INFO - === Simulation Statistics ===
2025-08-13 15:12:43,902 - SimulationEngine - INFO - Simulation time: 51.1s
2025-08-13 15:12:43,902 - SimulationEngine - INFO - Simulation cycles: 511
2025-08-13 15:12:43,902 - SimulationEngine - INFO - Average cycle time: 0.4ms
2025-08-13 15:12:43,902 - SimulationEngine - INFO - Active components: 7
2025-08-13 15:12:43,902 - SimulationEngine - INFO - Total parameters: 36
2025-08-13 15:12:43,902 - SimulationEngine - INFO - Time scale: 1.0x
2025-08-13 15:13:13,954 - SimulationEngine - INFO - === Simulation Statistics ===
2025-08-13 15:13:13,954 - SimulationEngine - INFO - Simulation time: 54.1s
2025-08-13 15:13:13,955 - SimulationEngine - INFO - Simulation cycles: 541
2025-08-13 15:13:13,955 - SimulationEngine - INFO - Average cycle time: 0.4ms
2025-08-13 15:13:13,955 - SimulationEngine - INFO - Active components: 7
2025-08-13 15:13:13,955 - SimulationEngine - INFO - Total parameters: 36
2025-08-13 15:13:13,955 - SimulationEngine - INFO - Time scale: 1.0x
2025-08-13 15:13:17,227 - EdgeGateway - INFO - Gateway stats: 270 reads, 100.0% success, 9990 MQTT publishes
2025-08-13 15:13:44,007 - SimulationEngine - INFO - === Simulation Statistics ===
2025-08-13 15:13:44,007 - SimulationEngine - INFO - Simulation time: 57.1s
2025-08-13 15:13:44,007 - SimulationEngine - INFO - Simulation cycles: 571
2025-08-13 15:13:44,007 - SimulationEngine - INFO - Average cycle time: 0.4ms
2025-08-13 15:13:44,007 - SimulationEngine - INFO - Active components: 7
2025-08-13 15:13:44,007 - SimulationEngine - INFO - Total parameters: 36
2025-08-13 15:13:44,007 - SimulationEngine - INFO - Time scale: 1.0x
2025-08-13 15:14:14,054 - SimulationEngine - INFO - === Simulation Statistics ===
2025-08-13 15:14:14,054 - SimulationEngine - INFO - Simulation time: 60.1s
2025-08-13 15:14:14,054 - SimulationEngine - INFO - Simulation cycles: 601
2025-08-13 15:14:14,054 - SimulationEngine - INFO - Average cycle time: 0.4ms
2025-08-13 15:14:14,054 - SimulationEngine - INFO - Active components: 7
2025-08-13 15:14:14,054 - SimulationEngine - INFO - Total parameters: 36
2025-08-13 15:14:14,055 - SimulationEngine - INFO - Time scale: 1.0x
2025-08-13 15:14:17,719 - EdgeGateway - INFO - Gateway stats: 300 reads, 100.0% success, 11100 MQTT publishes
2025-08-13 15:14:44,097 - SimulationEngine - INFO - === Simulation Statistics ===
2025-08-13 15:14:44,097 - SimulationEngine - INFO - Simulation time: 63.1s
2025-08-13 15:14:44,097 - SimulationEngine - INFO - Simulation cycles: 631
2025-08-13 15:14:44,098 - SimulationEngine - INFO - Average cycle time: 0.4ms
2025-08-13 15:14:44,098 - SimulationEngine - INFO - Active components: 7
2025-08-13 15:14:44,098 - SimulationEngine - INFO - Total parameters: 36
2025-08-13 15:14:44,098 - SimulationEngine - INFO - Time scale: 1.0x
2025-08-13 15:15:14,139 - SimulationEngine - INFO - === Simulation Statistics ===
2025-08-13 15:15:14,140 - SimulationEngine - INFO - Simulation time: 66.1s
2025-08-13 15:15:14,140 - SimulationEngine - INFO - Simulation cycles: 661
2025-08-13 15:15:14,140 - SimulationEngine - INFO - Average cycle time: 0.4ms
2025-08-13 15:15:14,140 - SimulationEngine - INFO - Active components: 7
2025-08-13 15:15:14,140 - SimulationEngine - INFO - Total parameters: 36
2025-08-13 15:15:14,140 - SimulationEngine - INFO - Time scale: 1.0x
2025-08-13 15:15:18,176 - EdgeGateway - INFO - Gateway stats: 330 reads, 100.0% success, 12210 MQTT publishes
2025-08-13 15:15:44,194 - SimulationEngine - INFO - === Simulation Statistics ===
2025-08-13 15:15:44,194 - SimulationEngine - INFO - Simulation time: 69.1s
2025-08-13 15:15:44,195 - SimulationEngine - INFO - Simulation cycles: 691
2025-08-13 15:15:44,195 - SimulationEngine - INFO - Average cycle time: 0.4ms
2025-08-13 15:15:44,195 - SimulationEngine - INFO - Active components: 7
2025-08-13 15:15:44,195 - SimulationEngine - INFO - Total parameters: 36
2025-08-13 15:15:44,195 - SimulationEngine - INFO - Time scale: 1.0x
2025-08-13 15:16:14,249 - SimulationEngine - INFO - === Simulation Statistics ===
2025-08-13 15:16:14,249 - SimulationEngine - INFO - Simulation time: 72.1s
2025-08-13 15:16:14,249 - SimulationEngine - INFO - Simulation cycles: 721
2025-08-13 15:16:14,249 - SimulationEngine - INFO - Average cycle time: 0.5ms
2025-08-13 15:16:14,249 - SimulationEngine - INFO - Active components: 7
2025-08-13 15:16:14,249 - SimulationEngine - INFO - Total parameters: 36
2025-08-13 15:16:14,250 - SimulationEngine - INFO - Time scale: 1.0x
2025-08-13 15:16:18,622 - EdgeGateway - INFO - Gateway stats: 360 reads, 100.0% success, 13320 MQTT publishes
2025-08-13 15:16:44,298 - SimulationEngine - INFO - === Simulation Statistics ===
2025-08-13 15:16:44,298 - SimulationEngine - INFO - Simulation time: 75.1s
2025-08-13 15:16:44,298 - SimulationEngine - INFO - Simulation cycles: 751
2025-08-13 15:16:44,298 - SimulationEngine - INFO - Average cycle time: 0.4ms
2025-08-13 15:16:44,298 - SimulationEngine - INFO - Active components: 7
2025-08-13 15:16:44,298 - SimulationEngine - INFO - Total parameters: 36
2025-08-13 15:16:44,298 - SimulationEngine - INFO - Time scale: 1.0x
2025-08-13 15:17:14,344 - SimulationEngine - INFO - === Simulation Statistics ===
2025-08-13 15:17:14,344 - SimulationEngine - INFO - Simulation time: 78.1s
2025-08-13 15:17:14,344 - SimulationEngine - INFO - Simulation cycles: 781
2025-08-13 15:17:14,344 - SimulationEngine - INFO - Average cycle time: 0.4ms
2025-08-13 15:17:14,344 - SimulationEngine - INFO - Active components: 7
2025-08-13 15:17:14,344 - SimulationEngine - INFO - Total parameters: 36
2025-08-13 15:17:14,345 - SimulationEngine - INFO - Time scale: 1.0x
2025-08-13 15:17:19,111 - EdgeGateway - INFO - Gateway stats: 390 reads, 100.0% success, 14430 MQTT publishes
2025-08-13 15:17:44,389 - SimulationEngine - INFO - === Simulation Statistics ===
2025-08-13 15:17:44,389 - SimulationEngine - INFO - Simulation time: 81.1s
2025-08-13 15:17:44,389 - SimulationEngine - INFO - Simulation cycles: 811
2025-08-13 15:17:44,389 - SimulationEngine - INFO - Average cycle time: 0.4ms
2025-08-13 15:17:44,389 - SimulationEngine - INFO - Active components: 7
2025-08-13 15:17:44,389 - SimulationEngine - INFO - Total parameters: 36
2025-08-13 15:17:44,389 - SimulationEngine - INFO - Time scale: 1.0x
2025-08-13 15:18:14,438 - SimulationEngine - INFO - === Simulation Statistics ===
2025-08-13 15:18:14,439 - SimulationEngine - INFO - Simulation time: 84.1s
2025-08-13 15:18:14,439 - SimulationEngine - INFO - Simulation cycles: 841
2025-08-13 15:18:14,439 - SimulationEngine - INFO - Average cycle time: 0.4ms
2025-08-13 15:18:14,439 - SimulationEngine - INFO - Active components: 7
2025-08-13 15:18:14,439 - SimulationEngine - INFO - Total parameters: 36
2025-08-13 15:18:14,439 - SimulationEngine - INFO - Time scale: 1.0x
2025-08-13 15:18:19,576 - EdgeGateway - INFO - Gateway stats: 420 reads, 100.0% success, 15540 MQTT publishes
2025-08-13 15:18:44,491 - SimulationEngine - INFO - === Simulation Statistics ===
2025-08-13 15:18:44,491 - SimulationEngine - INFO - Simulation time: 87.1s
2025-08-13 15:18:44,491 - SimulationEngine - INFO - Simulation cycles: 871
2025-08-13 15:18:44,491 - SimulationEngine - INFO - Average cycle time: 0.4ms
2025-08-13 15:18:44,491 - SimulationEngine - INFO - Active components: 7
2025-08-13 15:18:44,491 - SimulationEngine - INFO - Total parameters: 36
2025-08-13 15:18:44,491 - SimulationEngine - INFO - Time scale: 1.0x
2025-08-13 15:19:14,544 - SimulationEngine - INFO - === Simulation Statistics ===
2025-08-13 15:19:14,544 - SimulationEngine - INFO - Simulation time: 90.1s
2025-08-13 15:19:14,544 - SimulationEngine - INFO - Simulation cycles: 901
2025-08-13 15:19:14,544 - SimulationEngine - INFO - Average cycle time: 0.5ms
2025-08-13 15:19:14,544 - SimulationEngine - INFO - Active components: 7
2025-08-13 15:19:14,544 - SimulationEngine - INFO - Total parameters: 36
2025-08-13 15:19:14,544 - SimulationEngine - INFO - Time scale: 1.0x
2025-08-13 15:19:20,027 - EdgeGateway - INFO - Gateway stats: 450 reads, 100.0% success, 16650 MQTT publishes
2025-08-13 15:19:44,593 - SimulationEngine - INFO - === Simulation Statistics ===
2025-08-13 15:19:44,593 - SimulationEngine - INFO - Simulation time: 93.1s
2025-08-13 15:19:44,593 - SimulationEngine - INFO - Simulation cycles: 931
2025-08-13 15:19:44,594 - SimulationEngine - INFO - Average cycle time: 0.4ms
2025-08-13 15:19:44,594 - SimulationEngine - INFO - Active components: 7
2025-08-13 15:19:44,594 - SimulationEngine - INFO - Total parameters: 36
2025-08-13 15:19:44,594 - SimulationEngine - INFO - Time scale: 1.0x
2025-08-13 15:20:14,640 - SimulationEngine - INFO - === Simulation Statistics ===
2025-08-13 15:20:14,640 - SimulationEngine - INFO - Simulation time: 96.1s
2025-08-13 15:20:14,640 - SimulationEngine - INFO - Simulation cycles: 961
2025-08-13 15:20:14,641 - SimulationEngine - INFO - Average cycle time: 0.4ms
2025-08-13 15:20:14,641 - SimulationEngine - INFO - Active components: 7
2025-08-13 15:20:14,641 - SimulationEngine - INFO - Total parameters: 36
2025-08-13 15:20:14,641 - SimulationEngine - INFO - Time scale: 1.0x
2025-08-13 15:20:20,519 - EdgeGateway - INFO - Gateway stats: 480 reads, 100.0% success, 17760 MQTT publishes
2025-08-13 15:20:44,681 - SimulationEngine - INFO - === Simulation Statistics ===
2025-08-13 15:20:44,682 - SimulationEngine - INFO - Simulation time: 99.1s
2025-08-13 15:20:44,682 - SimulationEngine - INFO - Simulation cycles: 991
2025-08-13 15:20:44,682 - SimulationEngine - INFO - Average cycle time: 0.4ms
2025-08-13 15:20:44,682 - SimulationEngine - INFO - Active components: 7
2025-08-13 15:20:44,682 - SimulationEngine - INFO - Total parameters: 36
2025-08-13 15:20:44,682 - SimulationEngine - INFO - Time scale: 1.0x
2025-08-13 15:21:14,739 - SimulationEngine - INFO - === Simulation Statistics ===
2025-08-13 15:21:14,739 - SimulationEngine - INFO - Simulation time: 102.1s
2025-08-13 15:21:14,739 - SimulationEngine - INFO - Simulation cycles: 1021
2025-08-13 15:21:14,739 - SimulationEngine - INFO - Average cycle time: 0.4ms
2025-08-13 15:21:14,739 - SimulationEngine - INFO - Active components: 7
2025-08-13 15:21:14,740 - SimulationEngine - INFO - Total parameters: 36
2025-08-13 15:21:14,740 - SimulationEngine - INFO - Time scale: 1.0x
2025-08-13 15:21:20,962 - EdgeGateway - INFO - Gateway stats: 510 reads, 100.0% success, 18870 MQTT publishes
2025-08-13 15:21:44,795 - SimulationEngine - INFO - === Simulation Statistics ===
2025-08-13 15:21:44,795 - SimulationEngine - INFO - Simulation time: 105.1s
2025-08-13 15:21:44,795 - SimulationEngine - INFO - Simulation cycles: 1051
2025-08-13 15:21:44,795 - SimulationEngine - INFO - Average cycle time: 0.4ms
2025-08-13 15:21:44,795 - SimulationEngine - INFO - Active components: 7
2025-08-13 15:21:44,795 - SimulationEngine - INFO - Total parameters: 36
2025-08-13 15:21:44,796 - SimulationEngine - INFO - Time scale: 1.0x
2025-08-13 15:22:14,843 - SimulationEngine - INFO - === Simulation Statistics ===
2025-08-13 15:22:14,843 - SimulationEngine - INFO - Simulation time: 108.1s
2025-08-13 15:22:14,843 - SimulationEngine - INFO - Simulation cycles: 1081
2025-08-13 15:22:14,843 - SimulationEngine - INFO - Average cycle time: 0.4ms
2025-08-13 15:22:14,843 - SimulationEngine - INFO - Active components: 7
2025-08-13 15:22:14,843 - SimulationEngine - INFO - Total parameters: 36
2025-08-13 15:22:14,844 - SimulationEngine - INFO - Time scale: 1.0x
2025-08-13 15:22:21,406 - EdgeGateway - INFO - Gateway stats: 540 reads, 100.0% success, 19980 MQTT publishes
2025-08-13 15:22:44,888 - SimulationEngine - INFO - === Simulation Statistics ===
2025-08-13 15:22:44,888 - SimulationEngine - INFO - Simulation time: 111.1s
2025-08-13 15:22:44,888 - SimulationEngine - INFO - Simulation cycles: 1111
2025-08-13 15:22:44,889 - SimulationEngine - INFO - Average cycle time: 0.4ms
2025-08-13 15:22:44,889 - SimulationEngine - INFO - Active components: 7
2025-08-13 15:22:44,889 - SimulationEngine - INFO - Total parameters: 36
2025-08-13 15:22:44,889 - SimulationEngine - INFO - Time scale: 1.0x
2025-08-13 15:23:14,931 - SimulationEngine - INFO - === Simulation Statistics ===
2025-08-13 15:23:14,931 - SimulationEngine - INFO - Simulation time: 114.1s
2025-08-13 15:23:14,932 - SimulationEngine - INFO - Simulation cycles: 1141
2025-08-13 15:23:14,932 - SimulationEngine - INFO - Average cycle time: 0.4ms
2025-08-13 15:23:14,932 - SimulationEngine - INFO - Active components: 7
2025-08-13 15:23:14,932 - SimulationEngine - INFO - Total parameters: 36
2025-08-13 15:23:14,932 - SimulationEngine - INFO - Time scale: 1.0x
2025-08-13 15:23:21,857 - EdgeGateway - INFO - Gateway stats: 570 reads, 100.0% success, 21090 MQTT publishes
2025-08-13 15:23:44,980 - SimulationEngine - INFO - === Simulation Statistics ===
2025-08-13 15:23:44,980 - SimulationEngine - INFO - Simulation time: 117.1s
2025-08-13 15:23:44,980 - SimulationEngine - INFO - Simulation cycles: 1171
2025-08-13 15:23:44,980 - SimulationEngine - INFO - Average cycle time: 0.4ms
2025-08-13 15:23:44,981 - SimulationEngine - INFO - Active components: 7
2025-08-13 15:23:44,981 - SimulationEngine - INFO - Total parameters: 36
2025-08-13 15:23:44,981 - SimulationEngine - INFO - Time scale: 1.0x
2025-08-13 15:24:15,039 - SimulationEngine - INFO - === Simulation Statistics ===
2025-08-13 15:24:15,039 - SimulationEngine - INFO - Simulation time: 120.1s
2025-08-13 15:24:15,039 - SimulationEngine - INFO - Simulation cycles: 1201
2025-08-13 15:24:15,039 - SimulationEngine - INFO - Average cycle time: 0.5ms
2025-08-13 15:24:15,040 - SimulationEngine - INFO - Active components: 7
2025-08-13 15:24:15,040 - SimulationEngine - INFO - Total parameters: 36
2025-08-13 15:24:15,040 - SimulationEngine - INFO - Time scale: 1.0x
2025-08-13 15:24:22,345 - EdgeGateway - INFO - Gateway stats: 600 reads, 100.0% success, 22200 MQTT publishes
2025-08-13 15:24:45,093 - SimulationEngine - INFO - === Simulation Statistics ===
2025-08-13 15:24:45,093 - SimulationEngine - INFO - Simulation time: 123.1s
2025-08-13 15:24:45,094 - SimulationEngine - INFO - Simulation cycles: 1231
2025-08-13 15:24:45,094 - SimulationEngine - INFO - Average cycle time: 0.5ms
2025-08-13 15:24:45,094 - SimulationEngine - INFO - Active components: 7
2025-08-13 15:24:45,094 - SimulationEngine - INFO - Total parameters: 36
2025-08-13 15:24:45,094 - SimulationEngine - INFO - Time scale: 1.0x
2025-08-13 15:25:15,139 - SimulationEngine - INFO - === Simulation Statistics ===
2025-08-13 15:25:15,139 - SimulationEngine - INFO - Simulation time: 126.1s
2025-08-13 15:25:15,139 - SimulationEngine - INFO - Simulation cycles: 1261
2025-08-13 15:25:15,140 - SimulationEngine - INFO - Average cycle time: 0.4ms
2025-08-13 15:25:15,140 - SimulationEngine - INFO - Active components: 7
2025-08-13 15:25:15,140 - SimulationEngine - INFO - Total parameters: 36
2025-08-13 15:25:15,140 - SimulationEngine - INFO - Time scale: 1.0x
2025-08-13 15:25:22,788 - EdgeGateway - INFO - Gateway stats: 630 reads, 100.0% success, 23310 MQTT publishes
2025-08-13 15:25:45,188 - SimulationEngine - INFO - === Simulation Statistics ===
2025-08-13 15:25:45,188 - SimulationEngine - INFO - Simulation time: 129.1s
2025-08-13 15:25:45,188 - SimulationEngine - INFO - Simulation cycles: 1291
2025-08-13 15:25:45,188 - SimulationEngine - INFO - Average cycle time: 0.4ms
2025-08-13 15:25:45,188 - SimulationEngine - INFO - Active components: 7
2025-08-13 15:25:45,189 - SimulationEngine - INFO - Total parameters: 36
2025-08-13 15:25:45,189 - SimulationEngine - INFO - Time scale: 1.0x
2025-08-13 15:26:15,231 - SimulationEngine - INFO - === Simulation Statistics ===
2025-08-13 15:26:15,231 - SimulationEngine - INFO - Simulation time: 132.1s
2025-08-13 15:26:15,231 - SimulationEngine - INFO - Simulation cycles: 1321
2025-08-13 15:26:15,231 - SimulationEngine - INFO - Average cycle time: 0.4ms
2025-08-13 15:26:15,231 - SimulationEngine - INFO - Active components: 7
2025-08-13 15:26:15,232 - SimulationEngine - INFO - Total parameters: 36
2025-08-13 15:26:15,232 - SimulationEngine - INFO - Time scale: 1.0x
2025-08-13 15:26:23,243 - EdgeGateway - INFO - Gateway stats: 660 reads, 100.0% success, 24420 MQTT publishes
2025-08-13 15:26:45,284 - SimulationEngine - INFO - === Simulation Statistics ===
2025-08-13 15:26:45,285 - SimulationEngine - INFO - Simulation time: 135.1s
2025-08-13 15:26:45,285 - SimulationEngine - INFO - Simulation cycles: 1351
2025-08-13 15:26:45,285 - SimulationEngine - INFO - Average cycle time: 0.4ms
2025-08-13 15:26:45,285 - SimulationEngine - INFO - Active components: 7
2025-08-13 15:26:45,285 - SimulationEngine - INFO - Total parameters: 36
2025-08-13 15:26:45,285 - SimulationEngine - INFO - Time scale: 1.0x
2025-08-13 15:27:15,338 - SimulationEngine - INFO - === Simulation Statistics ===
2025-08-13 15:27:15,338 - SimulationEngine - INFO - Simulation time: 138.1s
2025-08-13 15:27:15,338 - SimulationEngine - INFO - Simulation cycles: 1381
2025-08-13 15:27:15,338 - SimulationEngine - INFO - Average cycle time: 0.4ms
2025-08-13 15:27:15,338 - SimulationEngine - INFO - Active components: 7
2025-08-13 15:27:15,339 - SimulationEngine - INFO - Total parameters: 36
2025-08-13 15:27:15,339 - SimulationEngine - INFO - Time scale: 1.0x
2025-08-13 15:27:23,673 - EdgeGateway - INFO - Gateway stats: 690 reads, 100.0% success, 25530 MQTT publishes
2025-08-13 15:27:45,389 - SimulationEngine - INFO - === Simulation Statistics ===
2025-08-13 15:27:45,389 - SimulationEngine - INFO - Simulation time: 141.1s
2025-08-13 15:27:45,389 - SimulationEngine - INFO - Simulation cycles: 1411
2025-08-13 15:27:45,389 - SimulationEngine - INFO - Average cycle time: 0.4ms
2025-08-13 15:27:45,389 - SimulationEngine - INFO - Active components: 7
2025-08-13 15:27:45,389 - SimulationEngine - INFO - Total parameters: 36
2025-08-13 15:27:45,389 - SimulationEngine - INFO - Time scale: 1.0x
2025-08-13 15:28:15,437 - SimulationEngine - INFO - === Simulation Statistics ===
2025-08-13 15:28:15,437 - SimulationEngine - INFO - Simulation time: 144.1s
2025-08-13 15:28:15,437 - SimulationEngine - INFO - Simulation cycles: 1441
2025-08-13 15:28:15,437 - SimulationEngine - INFO - Average cycle time: 0.4ms
2025-08-13 15:28:15,437 - SimulationEngine - INFO - Active components: 7
2025-08-13 15:28:15,437 - SimulationEngine - INFO - Total parameters: 36
2025-08-13 15:28:15,438 - SimulationEngine - INFO - Time scale: 1.0x
2025-08-13 15:28:24,119 - EdgeGateway - INFO - Gateway stats: 720 reads, 100.0% success, 26640 MQTT publishes
2025-08-13 15:28:45,484 - SimulationEngine - INFO - === Simulation Statistics ===
2025-08-13 15:28:45,484 - SimulationEngine - INFO - Simulation time: 147.1s
2025-08-13 15:28:45,485 - SimulationEngine - INFO - Simulation cycles: 1471
2025-08-13 15:28:45,485 - SimulationEngine - INFO - Average cycle time: 0.4ms
2025-08-13 15:28:45,485 - SimulationEngine - INFO - Active components: 7
2025-08-13 15:28:45,485 - SimulationEngine - INFO - Total parameters: 36
2025-08-13 15:28:45,485 - SimulationEngine - INFO - Time scale: 1.0x
2025-08-13 15:29:15,529 - SimulationEngine - INFO - === Simulation Statistics ===
2025-08-13 15:29:15,529 - SimulationEngine - INFO - Simulation time: 150.1s
2025-08-13 15:29:15,529 - SimulationEngine - INFO - Simulation cycles: 1501
2025-08-13 15:29:15,529 - SimulationEngine - INFO - Average cycle time: 0.4ms
2025-08-13 15:29:15,529 - SimulationEngine - INFO - Active components: 7
2025-08-13 15:29:15,529 - SimulationEngine - INFO - Total parameters: 36
2025-08-13 15:29:15,529 - SimulationEngine - INFO - Time scale: 1.0x
2025-08-13 15:29:24,561 - EdgeGateway - INFO - Gateway stats: 750 reads, 100.0% success, 27750 MQTT publishes
2025-08-13 15:29:45,580 - SimulationEngine - INFO - === Simulation Statistics ===
2025-08-13 15:29:45,580 - SimulationEngine - INFO - Simulation time: 153.1s
2025-08-13 15:29:45,580 - SimulationEngine - INFO - Simulation cycles: 1531
2025-08-13 15:29:45,580 - SimulationEngine - INFO - Average cycle time: 0.4ms
2025-08-13 15:29:45,580 - SimulationEngine - INFO - Active components: 7
2025-08-13 15:29:45,580 - SimulationEngine - INFO - Total parameters: 36
2025-08-13 15:29:45,580 - SimulationEngine - INFO - Time scale: 1.0x
2025-08-13 15:30:15,632 - SimulationEngine - INFO - === Simulation Statistics ===
2025-08-13 15:30:15,632 - SimulationEngine - INFO - Simulation time: 156.1s
2025-08-13 15:30:15,632 - SimulationEngine - INFO - Simulation cycles: 1561
2025-08-13 15:30:15,632 - SimulationEngine - INFO - Average cycle time: 0.4ms
2025-08-13 15:30:15,632 - SimulationEngine - INFO - Active components: 7
2025-08-13 15:30:15,632 - SimulationEngine - INFO - Total parameters: 36
2025-08-13 15:30:15,633 - SimulationEngine - INFO - Time scale: 1.0x
2025-08-13 15:30:24,974 - EdgeGateway - INFO - Gateway stats: 780 reads, 100.0% success, 28860 MQTT publishes
2025-08-13 15:30:45,684 - SimulationEngine - INFO - === Simulation Statistics ===
2025-08-13 15:30:45,684 - SimulationEngine - INFO - Simulation time: 159.1s
2025-08-13 15:30:45,684 - SimulationEngine - INFO - Simulation cycles: 1591
2025-08-13 15:30:45,684 - SimulationEngine - INFO - Average cycle time: 0.4ms
2025-08-13 15:30:45,684 - SimulationEngine - INFO - Active components: 7
2025-08-13 15:30:45,684 - SimulationEngine - INFO - Total parameters: 36
2025-08-13 15:30:45,684 - SimulationEngine - INFO - Time scale: 1.0x
2025-08-13 15:31:15,733 - SimulationEngine - INFO - === Simulation Statistics ===
2025-08-13 15:31:15,733 - SimulationEngine - INFO - Simulation time: 162.1s
2025-08-13 15:31:15,733 - SimulationEngine - INFO - Simulation cycles: 1621
2025-08-13 15:31:15,734 - SimulationEngine - INFO - Average cycle time: 0.4ms
2025-08-13 15:31:15,734 - SimulationEngine - INFO - Active components: 7
2025-08-13 15:31:15,734 - SimulationEngine - INFO - Total parameters: 36
2025-08-13 15:31:15,734 - SimulationEngine - INFO - Time scale: 1.0x
2025-08-13 15:31:25,412 - EdgeGateway - INFO - Gateway stats: 810 reads, 100.0% success, 29970 MQTT publishes
2025-08-13 15:31:45,779 - SimulationEngine - INFO - === Simulation Statistics ===
2025-08-13 15:31:45,779 - SimulationEngine - INFO - Simulation time: 165.1s
2025-08-13 15:31:45,779 - SimulationEngine - INFO - Simulation cycles: 1651
2025-08-13 15:31:45,779 - SimulationEngine - INFO - Average cycle time: 0.4ms
2025-08-13 15:31:45,779 - SimulationEngine - INFO - Active components: 7
2025-08-13 15:31:45,779 - SimulationEngine - INFO - Total parameters: 36
2025-08-13 15:31:45,779 - SimulationEngine - INFO - Time scale: 1.0x
2025-08-13 15:32:15,821 - SimulationEngine - INFO - === Simulation Statistics ===
2025-08-13 15:32:15,821 - SimulationEngine - INFO - Simulation time: 168.1s
2025-08-13 15:32:15,821 - SimulationEngine - INFO - Simulation cycles: 1681
2025-08-13 15:32:15,821 - SimulationEngine - INFO - Average cycle time: 0.4ms
2025-08-13 15:32:15,821 - SimulationEngine - INFO - Active components: 7
2025-08-13 15:32:15,821 - SimulationEngine - INFO - Total parameters: 36
2025-08-13 15:32:15,821 - SimulationEngine - INFO - Time scale: 1.0x
2025-08-13 15:32:25,866 - EdgeGateway - INFO - Gateway stats: 840 reads, 100.0% success, 31080 MQTT publishes
2025-08-13 15:32:45,872 - SimulationEngine - INFO - === Simulation Statistics ===
2025-08-13 15:32:45,872 - SimulationEngine - INFO - Simulation time: 171.1s
2025-08-13 15:32:45,872 - SimulationEngine - INFO - Simulation cycles: 1711
2025-08-13 15:32:45,872 - SimulationEngine - INFO - Average cycle time: 0.4ms
2025-08-13 15:32:45,872 - SimulationEngine - INFO - Active components: 7
2025-08-13 15:32:45,873 - SimulationEngine - INFO - Total parameters: 36
2025-08-13 15:32:45,873 - SimulationEngine - INFO - Time scale: 1.0x
2025-08-13 15:33:15,923 - SimulationEngine - INFO - === Simulation Statistics ===
2025-08-13 15:33:15,923 - SimulationEngine - INFO - Simulation time: 174.1s
2025-08-13 15:33:15,923 - SimulationEngine - INFO - Simulation cycles: 1741
2025-08-13 15:33:15,923 - SimulationEngine - INFO - Average cycle time: 0.4ms
2025-08-13 15:33:15,923 - SimulationEngine - INFO - Active components: 7
2025-08-13 15:33:15,924 - SimulationEngine - INFO - Total parameters: 36
2025-08-13 15:33:15,924 - SimulationEngine - INFO - Time scale: 1.0x
2025-08-13 15:33:26,282 - EdgeGateway - INFO - Gateway stats: 870 reads, 100.0% success, 32190 MQTT publishes
2025-08-13 15:33:45,973 - SimulationEngine - INFO - === Simulation Statistics ===
2025-08-13 15:33:45,973 - SimulationEngine - INFO - Simulation time: 177.1s
2025-08-13 15:33:45,974 - SimulationEngine - INFO - Simulation cycles: 1771
2025-08-13 15:33:45,974 - SimulationEngine - INFO - Average cycle time: 0.4ms
2025-08-13 15:33:45,974 - SimulationEngine - INFO - Active components: 7
2025-08-13 15:33:45,974 - SimulationEngine - INFO - Total parameters: 36
2025-08-13 15:33:45,974 - SimulationEngine - INFO - Time scale: 1.0x
2025-08-13 15:34:16,019 - SimulationEngine - INFO - === Simulation Statistics ===
2025-08-13 15:34:16,020 - SimulationEngine - INFO - Simulation time: 180.1s
2025-08-13 15:34:16,020 - SimulationEngine - INFO - Simulation cycles: 1801
2025-08-13 15:34:16,020 - SimulationEngine - INFO - Average cycle time: 0.4ms
2025-08-13 15:34:16,020 - SimulationEngine - INFO - Active components: 7
2025-08-13 15:34:16,020 - SimulationEngine - INFO - Total parameters: 36
2025-08-13 15:34:16,020 - SimulationEngine - INFO - Time scale: 1.0x
2025-08-13 15:34:26,737 - EdgeGateway - INFO - Gateway stats: 900 reads, 100.0% success, 33300 MQTT publishes
2025-08-13 15:34:46,068 - SimulationEngine - INFO - === Simulation Statistics ===
2025-08-13 15:34:46,068 - SimulationEngine - INFO - Simulation time: 183.1s
2025-08-13 15:34:46,068 - SimulationEngine - INFO - Simulation cycles: 1831
2025-08-13 15:34:46,069 - SimulationEngine - INFO - Average cycle time: 0.4ms
2025-08-13 15:34:46,069 - SimulationEngine - INFO - Active components: 7
2025-08-13 15:34:46,069 - SimulationEngine - INFO - Total parameters: 36
2025-08-13 15:34:46,069 - SimulationEngine - INFO - Time scale: 1.0x
2025-08-13 15:35:16,110 - SimulationEngine - INFO - === Simulation Statistics ===
2025-08-13 15:35:16,110 - SimulationEngine - INFO - Simulation time: 186.1s
2025-08-13 15:35:16,110 - SimulationEngine - INFO - Simulation cycles: 1861
2025-08-13 15:35:16,110 - SimulationEngine - INFO - Average cycle time: 0.4ms
2025-08-13 15:35:16,110 - SimulationEngine - INFO - Active components: 7
2025-08-13 15:35:16,110 - SimulationEngine - INFO - Total parameters: 36
2025-08-13 15:35:16,111 - SimulationEngine - INFO - Time scale: 1.0x
2025-08-13 15:35:27,188 - EdgeGateway - INFO - Gateway stats: 930 reads, 100.0% success, 34410 MQTT publishes
2025-08-13 15:35:46,164 - SimulationEngine - INFO - === Simulation Statistics ===
2025-08-13 15:35:46,164 - SimulationEngine - INFO - Simulation time: 189.1s
2025-08-13 15:35:46,164 - SimulationEngine - INFO - Simulation cycles: 1891
2025-08-13 15:35:46,165 - SimulationEngine - INFO - Average cycle time: 0.4ms
2025-08-13 15:35:46,165 - SimulationEngine - INFO - Active components: 7
2025-08-13 15:35:46,165 - SimulationEngine - INFO - Total parameters: 36
2025-08-13 15:35:46,165 - SimulationEngine - INFO - Time scale: 1.0x
2025-08-13 15:36:16,217 - SimulationEngine - INFO - === Simulation Statistics ===
2025-08-13 15:36:16,217 - SimulationEngine - INFO - Simulation time: 192.1s
2025-08-13 15:36:16,217 - SimulationEngine - INFO - Simulation cycles: 1921
2025-08-13 15:36:16,218 - SimulationEngine - INFO - Average cycle time: 0.4ms
2025-08-13 15:36:16,218 - SimulationEngine - INFO - Active components: 7
2025-08-13 15:36:16,218 - SimulationEngine - INFO - Total parameters: 36
2025-08-13 15:36:16,218 - SimulationEngine - INFO - Time scale: 1.0x
2025-08-13 15:36:27,611 - EdgeGateway - INFO - Gateway stats: 960 reads, 100.0% success, 35520 MQTT publishes
2025-08-13 15:36:46,264 - SimulationEngine - INFO - === Simulation Statistics ===
2025-08-13 15:36:46,264 - SimulationEngine - INFO - Simulation time: 195.1s
2025-08-13 15:36:46,265 - SimulationEngine - INFO - Simulation cycles: 1951
2025-08-13 15:36:46,265 - SimulationEngine - INFO - Average cycle time: 0.4ms
2025-08-13 15:36:46,265 - SimulationEngine - INFO - Active components: 7
2025-08-13 15:36:46,265 - SimulationEngine - INFO - Total parameters: 36
2025-08-13 15:36:46,265 - SimulationEngine - INFO - Time scale: 1.0x
2025-08-13 15:37:16,312 - SimulationEngine - INFO - === Simulation Statistics ===
2025-08-13 15:37:16,313 - SimulationEngine - INFO - Simulation time: 198.1s
2025-08-13 15:37:16,313 - SimulationEngine - INFO - Simulation cycles: 1981
2025-08-13 15:37:16,313 - SimulationEngine - INFO - Average cycle time: 0.4ms
2025-08-13 15:37:16,313 - SimulationEngine - INFO - Active components: 7
2025-08-13 15:37:16,313 - SimulationEngine - INFO - Total parameters: 36
2025-08-13 15:37:16,313 - SimulationEngine - INFO - Time scale: 1.0x
2025-08-13 15:37:28,060 - EdgeGateway - INFO - Gateway stats: 990 reads, 100.0% success, 36630 MQTT publishes
2025-08-13 15:37:46,360 - SimulationEngine - INFO - === Simulation Statistics ===
2025-08-13 15:37:46,360 - SimulationEngine - INFO - Simulation time: 201.1s
2025-08-13 15:37:46,360 - SimulationEngine - INFO - Simulation cycles: 2011
2025-08-13 15:37:46,360 - SimulationEngine - INFO - Average cycle time: 0.4ms
2025-08-13 15:37:46,361 - SimulationEngine - INFO - Active components: 7
2025-08-13 15:37:46,361 - SimulationEngine - INFO - Total parameters: 36
2025-08-13 15:37:46,361 - SimulationEngine - INFO - Time scale: 1.0x
2025-08-13 15:38:16,402 - SimulationEngine - INFO - === Simulation Statistics ===
2025-08-13 15:38:16,402 - SimulationEngine - INFO - Simulation time: 204.1s
2025-08-13 15:38:16,403 - SimulationEngine - INFO - Simulation cycles: 2041
2025-08-13 15:38:16,403 - SimulationEngine - INFO - Average cycle time: 0.4ms
2025-08-13 15:38:16,403 - SimulationEngine - INFO - Active components: 7
2025-08-13 15:38:16,403 - SimulationEngine - INFO - Total parameters: 36
2025-08-13 15:38:16,403 - SimulationEngine - INFO - Time scale: 1.0x
2025-08-13 15:38:28,501 - EdgeGateway - INFO - Gateway stats: 1020 reads, 100.0% success, 37740 MQTT publishes
2025-08-13 15:38:46,456 - SimulationEngine - INFO - === Simulation Statistics ===
2025-08-13 15:38:46,456 - SimulationEngine - INFO - Simulation time: 207.1s
2025-08-13 15:38:46,456 - SimulationEngine - INFO - Simulation cycles: 2071
2025-08-13 15:38:46,456 - SimulationEngine - INFO - Average cycle time: 0.4ms
2025-08-13 15:38:46,456 - SimulationEngine - INFO - Active components: 7
2025-08-13 15:38:46,457 - SimulationEngine - INFO - Total parameters: 36
2025-08-13 15:38:46,457 - SimulationEngine - INFO - Time scale: 1.0x
2025-08-13 15:39:16,509 - SimulationEngine - INFO - === Simulation Statistics ===
2025-08-13 15:39:16,510 - SimulationEngine - INFO - Simulation time: 210.1s
2025-08-13 15:39:16,510 - SimulationEngine - INFO - Simulation cycles: 2101
2025-08-13 15:39:16,510 - SimulationEngine - INFO - Average cycle time: 0.4ms
2025-08-13 15:39:16,510 - SimulationEngine - INFO - Active components: 7
2025-08-13 15:39:16,510 - SimulationEngine - INFO - Total parameters: 36
2025-08-13 15:39:16,510 - SimulationEngine - INFO - Time scale: 1.0x
2025-08-13 15:39:28,929 - EdgeGateway - INFO - Gateway stats: 1050 reads, 100.0% success, 38850 MQTT publishes
2025-08-13 15:39:46,561 - SimulationEngine - INFO - === Simulation Statistics ===
2025-08-13 15:39:46,561 - SimulationEngine - INFO - Simulation time: 213.1s
2025-08-13 15:39:46,561 - SimulationEngine - INFO - Simulation cycles: 2131
2025-08-13 15:39:46,561 - SimulationEngine - INFO - Average cycle time: 0.4ms
2025-08-13 15:39:46,561 - SimulationEngine - INFO - Active components: 7
2025-08-13 15:39:46,562 - SimulationEngine - INFO - Total parameters: 36
2025-08-13 15:39:46,562 - SimulationEngine - INFO - Time scale: 1.0x
2025-08-13 15:40:16,611 - SimulationEngine - INFO - === Simulation Statistics ===
2025-08-13 15:40:16,611 - SimulationEngine - INFO - Simulation time: 216.1s
2025-08-13 15:40:16,611 - SimulationEngine - INFO - Simulation cycles: 2161
2025-08-13 15:40:16,611 - SimulationEngine - INFO - Average cycle time: 0.4ms
2025-08-13 15:40:16,611 - SimulationEngine - INFO - Active components: 7
2025-08-13 15:40:16,611 - SimulationEngine - INFO - Total parameters: 36
2025-08-13 15:40:16,611 - SimulationEngine - INFO - Time scale: 1.0x
2025-08-13 15:40:29,373 - EdgeGateway - INFO - Gateway stats: 1080 reads, 100.0% success, 39960 MQTT publishes
2025-08-13 15:40:46,656 - SimulationEngine - INFO - === Simulation Statistics ===
2025-08-13 15:40:46,656 - SimulationEngine - INFO - Simulation time: 219.1s
2025-08-13 15:40:46,656 - SimulationEngine - INFO - Simulation cycles: 2191
2025-08-13 15:40:46,656 - SimulationEngine - INFO - Average cycle time: 0.4ms
2025-08-13 15:40:46,657 - SimulationEngine - INFO - Active components: 7
2025-08-13 15:40:46,657 - SimulationEngine - INFO - Total parameters: 36
2025-08-13 15:40:46,657 - SimulationEngine - INFO - Time scale: 1.0x
2025-08-13 15:41:16,699 - SimulationEngine - INFO - === Simulation Statistics ===
2025-08-13 15:41:16,699 - SimulationEngine - INFO - Simulation time: 222.1s
2025-08-13 15:41:16,699 - SimulationEngine - INFO - Simulation cycles: 2221
2025-08-13 15:41:16,699 - SimulationEngine - INFO - Average cycle time: 0.4ms
2025-08-13 15:41:16,699 - SimulationEngine - INFO - Active components: 7
2025-08-13 15:41:16,699 - SimulationEngine - INFO - Total parameters: 36
2025-08-13 15:41:16,699 - SimulationEngine - INFO - Time scale: 1.0x
2025-08-13 15:41:29,818 - EdgeGateway - INFO - Gateway stats: 1110 reads, 100.0% success, 41070 MQTT publishes
2025-08-13 15:41:46,755 - SimulationEngine - INFO - === Simulation Statistics ===
2025-08-13 15:41:46,755 - SimulationEngine - INFO - Simulation time: 225.1s
2025-08-13 15:41:46,755 - SimulationEngine - INFO - Simulation cycles: 2251
2025-08-13 15:41:46,755 - SimulationEngine - INFO - Average cycle time: 0.4ms
2025-08-13 15:41:46,755 - SimulationEngine - INFO - Active components: 7
2025-08-13 15:41:46,755 - SimulationEngine - INFO - Total parameters: 36
2025-08-13 15:41:46,755 - SimulationEngine - INFO - Time scale: 1.0x
2025-08-13 15:42:16,808 - SimulationEngine - INFO - === Simulation Statistics ===
2025-08-13 15:42:16,808 - SimulationEngine - INFO - Simulation time: 228.1s
2025-08-13 15:42:16,808 - SimulationEngine - INFO - Simulation cycles: 2281
2025-08-13 15:42:16,808 - SimulationEngine - INFO - Average cycle time: 0.4ms
2025-08-13 15:42:16,808 - SimulationEngine - INFO - Active components: 7
2025-08-13 15:42:16,808 - SimulationEngine - INFO - Total parameters: 36
2025-08-13 15:42:16,808 - SimulationEngine - INFO - Time scale: 1.0x
2025-08-13 15:42:30,246 - EdgeGateway - INFO - Gateway stats: 1140 reads, 100.0% success, 42180 MQTT publishes
2025-08-13 15:42:46,856 - SimulationEngine - INFO - === Simulation Statistics ===
2025-08-13 15:42:46,857 - SimulationEngine - INFO - Simulation time: 231.1s
2025-08-13 15:42:46,857 - SimulationEngine - INFO - Simulation cycles: 2311
2025-08-13 15:42:46,857 - SimulationEngine - INFO - Average cycle time: 0.4ms
2025-08-13 15:42:46,857 - SimulationEngine - INFO - Active components: 7
2025-08-13 15:42:46,857 - SimulationEngine - INFO - Total parameters: 36
2025-08-13 15:42:46,857 - SimulationEngine - INFO - Time scale: 1.0x
2025-08-13 15:43:16,905 - SimulationEngine - INFO - === Simulation Statistics ===
2025-08-13 15:43:16,905 - SimulationEngine - INFO - Simulation time: 234.1s
2025-08-13 15:43:16,905 - SimulationEngine - INFO - Simulation cycles: 2341
2025-08-13 15:43:16,906 - SimulationEngine - INFO - Average cycle time: 0.4ms
2025-08-13 15:43:16,906 - SimulationEngine - INFO - Active components: 7
2025-08-13 15:43:16,906 - SimulationEngine - INFO - Total parameters: 36
2025-08-13 15:43:16,906 - SimulationEngine - INFO - Time scale: 1.0x
2025-08-13 15:43:30,687 - EdgeGateway - INFO - Gateway stats: 1170 reads, 100.0% success, 43290 MQTT publishes
2025-08-13 15:43:46,949 - SimulationEngine - INFO - === Simulation Statistics ===
2025-08-13 15:43:46,949 - SimulationEngine - INFO - Simulation time: 237.1s
2025-08-13 15:43:46,949 - SimulationEngine - INFO - Simulation cycles: 2371
2025-08-13 15:43:46,949 - SimulationEngine - INFO - Average cycle time: 0.4ms
2025-08-13 15:43:46,949 - SimulationEngine - INFO - Active components: 7
2025-08-13 15:43:46,949 - SimulationEngine - INFO - Total parameters: 36
2025-08-13 15:43:46,949 - SimulationEngine - INFO - Time scale: 1.0x
2025-08-13 15:44:16,995 - SimulationEngine - INFO - === Simulation Statistics ===
2025-08-13 15:44:16,995 - SimulationEngine - INFO - Simulation time: 240.1s
2025-08-13 15:44:16,996 - SimulationEngine - INFO - Simulation cycles: 2401
2025-08-13 15:44:16,996 - SimulationEngine - INFO - Average cycle time: 0.4ms
2025-08-13 15:44:16,996 - SimulationEngine - INFO - Active components: 7
2025-08-13 15:44:16,996 - SimulationEngine - INFO - Total parameters: 36
2025-08-13 15:44:16,996 - SimulationEngine - INFO - Time scale: 1.0x
2025-08-13 15:44:31,125 - EdgeGateway - INFO - Gateway stats: 1200 reads, 100.0% success, 44400 MQTT publishes
2025-08-13 15:44:47,050 - SimulationEngine - INFO - === Simulation Statistics ===
2025-08-13 15:44:47,050 - SimulationEngine - INFO - Simulation time: 243.1s
2025-08-13 15:44:47,050 - SimulationEngine - INFO - Simulation cycles: 2431
2025-08-13 15:44:47,050 - SimulationEngine - INFO - Average cycle time: 0.4ms
2025-08-13 15:44:47,050 - SimulationEngine - INFO - Active components: 7
2025-08-13 15:44:47,051 - SimulationEngine - INFO - Total parameters: 36
2025-08-13 15:44:47,051 - SimulationEngine - INFO - Time scale: 1.0x
2025-08-13 15:45:17,102 - SimulationEngine - INFO - === Simulation Statistics ===
2025-08-13 15:45:17,102 - SimulationEngine - INFO - Simulation time: 246.1s
2025-08-13 15:45:17,102 - SimulationEngine - INFO - Simulation cycles: 2461
2025-08-13 15:45:17,102 - SimulationEngine - INFO - Average cycle time: 0.4ms
2025-08-13 15:45:17,103 - SimulationEngine - INFO - Active components: 7
2025-08-13 15:45:17,103 - SimulationEngine - INFO - Total parameters: 36
2025-08-13 15:45:17,103 - SimulationEngine - INFO - Time scale: 1.0x
2025-08-13 15:45:31,556 - EdgeGateway - INFO - Gateway stats: 1230 reads, 100.0% success, 45510 MQTT publishes
2025-08-13 15:45:47,149 - SimulationEngine - INFO - === Simulation Statistics ===
2025-08-13 15:45:47,149 - SimulationEngine - INFO - Simulation time: 249.1s
2025-08-13 15:45:47,149 - SimulationEngine - INFO - Simulation cycles: 2491
2025-08-13 15:45:47,149 - SimulationEngine - INFO - Average cycle time: 0.4ms
2025-08-13 15:45:47,149 - SimulationEngine - INFO - Active components: 7
2025-08-13 15:45:47,150 - SimulationEngine - INFO - Total parameters: 36
2025-08-13 15:45:47,150 - SimulationEngine - INFO - Time scale: 1.0x
2025-08-13 15:46:17,196 - SimulationEngine - INFO - === Simulation Statistics ===
2025-08-13 15:46:17,196 - SimulationEngine - INFO - Simulation time: 252.1s
2025-08-13 15:46:17,196 - SimulationEngine - INFO - Simulation cycles: 2521
2025-08-13 15:46:17,196 - SimulationEngine - INFO - Average cycle time: 0.4ms
2025-08-13 15:46:17,197 - SimulationEngine - INFO - Active components: 7
2025-08-13 15:46:17,197 - SimulationEngine - INFO - Total parameters: 36
2025-08-13 15:46:17,197 - SimulationEngine - INFO - Time scale: 1.0x
2025-08-13 15:46:31,999 - EdgeGateway - INFO - Gateway stats: 1260 reads, 100.0% success, 46620 MQTT publishes
2025-08-13 15:46:47,239 - SimulationEngine - INFO - === Simulation Statistics ===
2025-08-13 15:46:47,240 - SimulationEngine - INFO - Simulation time: 255.1s
2025-08-13 15:46:47,240 - SimulationEngine - INFO - Simulation cycles: 2551
2025-08-13 15:46:47,240 - SimulationEngine - INFO - Average cycle time: 0.4ms
2025-08-13 15:46:47,240 - SimulationEngine - INFO - Active components: 7
2025-08-13 15:46:47,240 - SimulationEngine - INFO - Total parameters: 36
2025-08-13 15:46:47,240 - SimulationEngine - INFO - Time scale: 1.0x
2025-08-13 15:47:17,287 - SimulationEngine - INFO - === Simulation Statistics ===
2025-08-13 15:47:17,288 - SimulationEngine - INFO - Simulation time: 258.1s
2025-08-13 15:47:17,288 - SimulationEngine - INFO - Simulation cycles: 2581
2025-08-13 15:47:17,288 - SimulationEngine - INFO - Average cycle time: 0.4ms
2025-08-13 15:47:17,288 - SimulationEngine - INFO - Active components: 7
2025-08-13 15:47:17,288 - SimulationEngine - INFO - Total parameters: 36
2025-08-13 15:47:17,288 - SimulationEngine - INFO - Time scale: 1.0x
2025-08-13 15:47:32,445 - EdgeGateway - INFO - Gateway stats: 1290 reads, 100.0% success, 47730 MQTT publishes
2025-08-13 15:47:47,345 - SimulationEngine - INFO - === Simulation Statistics ===
2025-08-13 15:47:47,345 - SimulationEngine - INFO - Simulation time: 261.1s
2025-08-13 15:47:47,345 - SimulationEngine - INFO - Simulation cycles: 2611
2025-08-13 15:47:47,346 - SimulationEngine - INFO - Average cycle time: 0.4ms
2025-08-13 15:47:47,346 - SimulationEngine - INFO - Active components: 7
2025-08-13 15:47:47,346 - SimulationEngine - INFO - Total parameters: 36
2025-08-13 15:47:47,346 - SimulationEngine - INFO - Time scale: 1.0x
2025-08-13 15:48:17,398 - SimulationEngine - INFO - === Simulation Statistics ===
2025-08-13 15:48:17,398 - SimulationEngine - INFO - Simulation time: 264.1s
2025-08-13 15:48:17,398 - SimulationEngine - INFO - Simulation cycles: 2641
2025-08-13 15:48:17,399 - SimulationEngine - INFO - Average cycle time: 0.4ms
2025-08-13 15:48:17,399 - SimulationEngine - INFO - Active components: 7
2025-08-13 15:48:17,399 - SimulationEngine - INFO - Total parameters: 36
2025-08-13 15:48:17,399 - SimulationEngine - INFO - Time scale: 1.0x
2025-08-13 15:48:32,865 - EdgeGateway - INFO - Gateway stats: 1320 reads, 100.0% success, 48840 MQTT publishes
2025-08-13 15:48:47,452 - SimulationEngine - INFO - === Simulation Statistics ===
2025-08-13 15:48:47,452 - SimulationEngine - INFO - Simulation time: 267.1s
2025-08-13 15:48:47,452 - SimulationEngine - INFO - Simulation cycles: 2671
2025-08-13 15:48:47,452 - SimulationEngine - INFO - Average cycle time: 0.4ms
2025-08-13 15:48:47,452 - SimulationEngine - INFO - Active components: 7
2025-08-13 15:48:47,452 - SimulationEngine - INFO - Total parameters: 36
2025-08-13 15:48:47,452 - SimulationEngine - INFO - Time scale: 1.0x
2025-08-13 15:49:17,500 - SimulationEngine - INFO - === Simulation Statistics ===
2025-08-13 15:49:17,500 - SimulationEngine - INFO - Simulation time: 270.1s
2025-08-13 15:49:17,500 - SimulationEngine - INFO - Simulation cycles: 2701
2025-08-13 15:49:17,501 - SimulationEngine - INFO - Average cycle time: 0.5ms
2025-08-13 15:49:17,501 - SimulationEngine - INFO - Active components: 7
2025-08-13 15:49:17,501 - SimulationEngine - INFO - Total parameters: 36
2025-08-13 15:49:17,501 - SimulationEngine - INFO - Time scale: 1.0x
2025-08-13 15:49:33,323 - EdgeGateway - INFO - Gateway stats: 1350 reads, 100.0% success, 49950 MQTT publishes
2025-08-13 15:49:47,545 - SimulationEngine - INFO - === Simulation Statistics ===
2025-08-13 15:49:47,545 - SimulationEngine - INFO - Simulation time: 273.1s
2025-08-13 15:49:47,545 - SimulationEngine - INFO - Simulation cycles: 2731
2025-08-13 15:49:47,545 - SimulationEngine - INFO - Average cycle time: 0.4ms
2025-08-13 15:49:47,545 - SimulationEngine - INFO - Active components: 7
2025-08-13 15:49:47,545 - SimulationEngine - INFO - Total parameters: 36
2025-08-13 15:49:47,546 - SimulationEngine - INFO - Time scale: 1.0x
2025-08-13 15:50:17,591 - SimulationEngine - INFO - === Simulation Statistics ===
2025-08-13 15:50:17,591 - SimulationEngine - INFO - Simulation time: 276.1s
2025-08-13 15:50:17,591 - SimulationEngine - INFO - Simulation cycles: 2761
2025-08-13 15:50:17,591 - SimulationEngine - INFO - Average cycle time: 0.4ms
2025-08-13 15:50:17,591 - SimulationEngine - INFO - Active components: 7
2025-08-13 15:50:17,591 - SimulationEngine - INFO - Total parameters: 36
2025-08-13 15:50:17,591 - SimulationEngine - INFO - Time scale: 1.0x
2025-08-13 15:50:33,758 - EdgeGateway - INFO - Gateway stats: 1380 reads, 100.0% success, 51060 MQTT publishes
2025-08-13 15:50:47,646 - SimulationEngine - INFO - === Simulation Statistics ===
2025-08-13 15:50:47,646 - SimulationEngine - INFO - Simulation time: 279.1s
2025-08-13 15:50:47,646 - SimulationEngine - INFO - Simulation cycles: 2791
2025-08-13 15:50:47,646 - SimulationEngine - INFO - Average cycle time: 0.4ms
2025-08-13 15:50:47,646 - SimulationEngine - INFO - Active components: 7
2025-08-13 15:50:47,646 - SimulationEngine - INFO - Total parameters: 36
2025-08-13 15:50:47,646 - SimulationEngine - INFO - Time scale: 1.0x
2025-08-13 15:51:17,697 - SimulationEngine - INFO - === Simulation Statistics ===
2025-08-13 15:51:17,697 - SimulationEngine - INFO - Simulation time: 282.1s
2025-08-13 15:51:17,698 - SimulationEngine - INFO - Simulation cycles: 2821
2025-08-13 15:51:17,698 - SimulationEngine - INFO - Average cycle time: 0.4ms
2025-08-13 15:51:17,698 - SimulationEngine - INFO - Active components: 7
2025-08-13 15:51:17,698 - SimulationEngine - INFO - Total parameters: 36
2025-08-13 15:51:17,698 - SimulationEngine - INFO - Time scale: 1.0x
2025-08-13 15:51:34,185 - EdgeGateway - INFO - Gateway stats: 1410 reads, 100.0% success, 52170 MQTT publishes
2025-08-13 15:51:47,746 - SimulationEngine - INFO - === Simulation Statistics ===
2025-08-13 15:51:47,746 - SimulationEngine - INFO - Simulation time: 285.1s
2025-08-13 15:51:47,746 - SimulationEngine - INFO - Simulation cycles: 2851
2025-08-13 15:51:47,746 - SimulationEngine - INFO - Average cycle time: 0.4ms
2025-08-13 15:51:47,747 - SimulationEngine - INFO - Active components: 7
2025-08-13 15:51:47,747 - SimulationEngine - INFO - Total parameters: 36
2025-08-13 15:51:47,747 - SimulationEngine - INFO - Time scale: 1.0x
2025-08-13 15:52:17,795 - SimulationEngine - INFO - === Simulation Statistics ===
2025-08-13 15:52:17,795 - SimulationEngine - INFO - Simulation time: 288.1s
2025-08-13 15:52:17,795 - SimulationEngine - INFO - Simulation cycles: 2881
2025-08-13 15:52:17,795 - SimulationEngine - INFO - Average cycle time: 0.4ms
2025-08-13 15:52:17,795 - SimulationEngine - INFO - Active components: 7
2025-08-13 15:52:17,795 - SimulationEngine - INFO - Total parameters: 36
2025-08-13 15:52:17,796 - SimulationEngine - INFO - Time scale: 1.0x
2025-08-13 15:52:34,629 - EdgeGateway - INFO - Gateway stats: 1440 reads, 100.0% success, 53280 MQTT publishes
2025-08-13 15:52:47,838 - SimulationEngine - INFO - === Simulation Statistics ===
2025-08-13 15:52:47,838 - SimulationEngine - INFO - Simulation time: 291.1s
2025-08-13 15:52:47,838 - SimulationEngine - INFO - Simulation cycles: 2911
2025-08-13 15:52:47,838 - SimulationEngine - INFO - Average cycle time: 0.4ms
2025-08-13 15:52:47,838 - SimulationEngine - INFO - Active components: 7
2025-08-13 15:52:47,838 - SimulationEngine - INFO - Total parameters: 36
2025-08-13 15:52:47,838 - SimulationEngine - INFO - Time scale: 1.0x
2025-08-13 15:53:17,886 - SimulationEngine - INFO - === Simulation Statistics ===
2025-08-13 15:53:17,886 - SimulationEngine - INFO - Simulation time: 294.1s
2025-08-13 15:53:17,886 - SimulationEngine - INFO - Simulation cycles: 2941
2025-08-13 15:53:17,886 - SimulationEngine - INFO - Average cycle time: 0.4ms
2025-08-13 15:53:17,887 - SimulationEngine - INFO - Active components: 7
2025-08-13 15:53:17,887 - SimulationEngine - INFO - Total parameters: 36
2025-08-13 15:53:17,887 - SimulationEngine - INFO - Time scale: 1.0x
2025-08-13 15:53:35,078 - EdgeGateway - INFO - Gateway stats: 1470 reads, 100.0% success, 54390 MQTT publishes
2025-08-13 15:53:47,941 - SimulationEngine - INFO - === Simulation Statistics ===
2025-08-13 15:53:47,941 - SimulationEngine - INFO - Simulation time: 297.1s
2025-08-13 15:53:47,941 - SimulationEngine - INFO - Simulation cycles: 2971
2025-08-13 15:53:47,941 - SimulationEngine - INFO - Average cycle time: 0.4ms
2025-08-13 15:53:47,941 - SimulationEngine - INFO - Active components: 7
2025-08-13 15:53:47,941 - SimulationEngine - INFO - Total parameters: 36
2025-08-13 15:53:47,941 - SimulationEngine - INFO - Time scale: 1.0x
2025-08-13 15:54:17,993 - SimulationEngine - INFO - === Simulation Statistics ===
2025-08-13 15:54:17,994 - SimulationEngine - INFO - Simulation time: 300.1s
2025-08-13 15:54:17,994 - SimulationEngine - INFO - Simulation cycles: 3001
2025-08-13 15:54:17,994 - SimulationEngine - INFO - Average cycle time: 0.4ms
2025-08-13 15:54:17,994 - SimulationEngine - INFO - Active components: 7
2025-08-13 15:54:17,994 - SimulationEngine - INFO - Total parameters: 36
2025-08-13 15:54:17,994 - SimulationEngine - INFO - Time scale: 1.0x
2025-08-13 15:54:35,514 - EdgeGateway - INFO - Gateway stats: 1500 reads, 100.0% success, 55500 MQTT publishes
2025-08-13 15:54:48,042 - SimulationEngine - INFO - === Simulation Statistics ===
2025-08-13 15:54:48,042 - SimulationEngine - INFO - Simulation time: 303.1s
2025-08-13 15:54:48,042 - SimulationEngine - INFO - Simulation cycles: 3031
2025-08-13 15:54:48,043 - SimulationEngine - INFO - Average cycle time: 0.5ms
2025-08-13 15:54:48,043 - SimulationEngine - INFO - Active components: 7
2025-08-13 15:54:48,043 - SimulationEngine - INFO - Total parameters: 36
2025-08-13 15:54:48,043 - SimulationEngine - INFO - Time scale: 1.0x
2025-08-13 15:55:18,090 - SimulationEngine - INFO - === Simulation Statistics ===
2025-08-13 15:55:18,090 - SimulationEngine - INFO - Simulation time: 306.1s
2025-08-13 15:55:18,090 - SimulationEngine - INFO - Simulation cycles: 3061
2025-08-13 15:55:18,090 - SimulationEngine - INFO - Average cycle time: 0.4ms
2025-08-13 15:55:18,090 - SimulationEngine - INFO - Active components: 7
2025-08-13 15:55:18,090 - SimulationEngine - INFO - Total parameters: 36
2025-08-13 15:55:18,090 - SimulationEngine - INFO - Time scale: 1.0x
2025-08-13 15:55:35,956 - EdgeGateway - INFO - Gateway stats: 1530 reads, 100.0% success, 56610 MQTT publishes
2025-08-13 15:55:48,133 - SimulationEngine - INFO - === Simulation Statistics ===
2025-08-13 15:55:48,134 - SimulationEngine - INFO - Simulation time: 309.1s
2025-08-13 15:55:48,134 - SimulationEngine - INFO - Simulation cycles: 3091
2025-08-13 15:55:48,134 - SimulationEngine - INFO - Average cycle time: 0.4ms
2025-08-13 15:55:48,134 - SimulationEngine - INFO - Active components: 7
2025-08-13 15:55:48,134 - SimulationEngine - INFO - Total parameters: 36
2025-08-13 15:55:48,134 - SimulationEngine - INFO - Time scale: 1.0x
2025-08-13 15:56:18,185 - SimulationEngine - INFO - === Simulation Statistics ===
2025-08-13 15:56:18,185 - SimulationEngine - INFO - Simulation time: 312.1s
2025-08-13 15:56:18,185 - SimulationEngine - INFO - Simulation cycles: 3121
2025-08-13 15:56:18,185 - SimulationEngine - INFO - Average cycle time: 0.4ms
2025-08-13 15:56:18,185 - SimulationEngine - INFO - Active components: 7
2025-08-13 15:56:18,185 - SimulationEngine - INFO - Total parameters: 36
2025-08-13 15:56:18,185 - SimulationEngine - INFO - Time scale: 1.0x
2025-08-13 15:56:36,389 - EdgeGateway - INFO - Gateway stats: 1560 reads, 100.0% success, 57720 MQTT publishes
2025-08-13 15:56:48,240 - SimulationEngine - INFO - === Simulation Statistics ===
2025-08-13 15:56:48,240 - SimulationEngine - INFO - Simulation time: 315.1s
2025-08-13 15:56:48,240 - SimulationEngine - INFO - Simulation cycles: 3151
2025-08-13 15:56:48,240 - SimulationEngine - INFO - Average cycle time: 0.4ms
2025-08-13 15:56:48,240 - SimulationEngine - INFO - Active components: 7
2025-08-13 15:56:48,241 - SimulationEngine - INFO - Total parameters: 36
2025-08-13 15:56:48,241 - SimulationEngine - INFO - Time scale: 1.0x
2025-08-13 15:57:18,291 - SimulationEngine - INFO - === Simulation Statistics ===
2025-08-13 15:57:18,291 - SimulationEngine - INFO - Simulation time: 318.1s
2025-08-13 15:57:18,291 - SimulationEngine - INFO - Simulation cycles: 3181
2025-08-13 15:57:18,291 - SimulationEngine - INFO - Average cycle time: 0.4ms
2025-08-13 15:57:18,291 - SimulationEngine - INFO - Active components: 7
2025-08-13 15:57:18,291 - SimulationEngine - INFO - Total parameters: 36
2025-08-13 15:57:18,292 - SimulationEngine - INFO - Time scale: 1.0x
2025-08-13 15:57:36,818 - EdgeGateway - INFO - Gateway stats: 1590 reads, 100.0% success, 58830 MQTT publishes
2025-08-13 15:57:48,341 - SimulationEngine - INFO - === Simulation Statistics ===
2025-08-13 15:57:48,341 - SimulationEngine - INFO - Simulation time: 321.1s
2025-08-13 15:57:48,341 - SimulationEngine - INFO - Simulation cycles: 3211
2025-08-13 15:57:48,341 - SimulationEngine - INFO - Average cycle time: 0.4ms
2025-08-13 15:57:48,341 - SimulationEngine - INFO - Active components: 7
2025-08-13 15:57:48,342 - SimulationEngine - INFO - Total parameters: 36
2025-08-13 15:57:48,342 - SimulationEngine - INFO - Time scale: 1.0x
2025-08-13 15:58:18,385 - SimulationEngine - INFO - === Simulation Statistics ===
2025-08-13 15:58:18,386 - SimulationEngine - INFO - Simulation time: 324.1s
2025-08-13 15:58:18,386 - SimulationEngine - INFO - Simulation cycles: 3241
2025-08-13 15:58:18,386 - SimulationEngine - INFO - Average cycle time: 0.4ms
2025-08-13 15:58:18,386 - SimulationEngine - INFO - Active components: 7
2025-08-13 15:58:18,386 - SimulationEngine - INFO - Total parameters: 36
2025-08-13 15:58:18,386 - SimulationEngine - INFO - Time scale: 1.0x
2025-08-13 15:58:37,263 - EdgeGateway - INFO - Gateway stats: 1620 reads, 100.0% success, 59940 MQTT publishes
2025-08-13 15:58:48,431 - SimulationEngine - INFO - === Simulation Statistics ===
2025-08-13 15:58:48,432 - SimulationEngine - INFO - Simulation time: 327.1s
2025-08-13 15:58:48,432 - SimulationEngine - INFO - Simulation cycles: 3271
2025-08-13 15:58:48,432 - SimulationEngine - INFO - Average cycle time: 0.4ms
2025-08-13 15:58:48,432 - SimulationEngine - INFO - Active components: 7
2025-08-13 15:58:48,432 - SimulationEngine - INFO - Total parameters: 36
2025-08-13 15:58:48,432 - SimulationEngine - INFO - Time scale: 1.0x
2025-08-13 15:59:18,479 - SimulationEngine - INFO - === Simulation Statistics ===
2025-08-13 15:59:18,479 - SimulationEngine - INFO - Simulation time: 330.1s
2025-08-13 15:59:18,479 - SimulationEngine - INFO - Simulation cycles: 3301
2025-08-13 15:59:18,479 - SimulationEngine - INFO - Average cycle time: 0.4ms
2025-08-13 15:59:18,479 - SimulationEngine - INFO - Active components: 7
2025-08-13 15:59:18,479 - SimulationEngine - INFO - Total parameters: 36
2025-08-13 15:59:18,479 - SimulationEngine - INFO - Time scale: 1.0x
2025-08-13 15:59:37,699 - EdgeGateway - INFO - Gateway stats: 1650 reads, 100.0% success, 61050 MQTT publishes
2025-08-13 15:59:48,532 - SimulationEngine - INFO - === Simulation Statistics ===
2025-08-13 15:59:48,532 - SimulationEngine - INFO - Simulation time: 333.1s
2025-08-13 15:59:48,533 - SimulationEngine - INFO - Simulation cycles: 3331
2025-08-13 15:59:48,533 - SimulationEngine - INFO - Average cycle time: 0.4ms
2025-08-13 15:59:48,533 - SimulationEngine - INFO - Active components: 7
2025-08-13 15:59:48,533 - SimulationEngine - INFO - Total parameters: 36
2025-08-13 15:59:48,533 - SimulationEngine - INFO - Time scale: 1.0x
2025-08-13 16:00:18,583 - SimulationEngine - INFO - === Simulation Statistics ===
2025-08-13 16:00:18,583 - SimulationEngine - INFO - Simulation time: 336.1s
2025-08-13 16:00:18,583 - SimulationEngine - INFO - Simulation cycles: 3361
2025-08-13 16:00:18,584 - SimulationEngine - INFO - Average cycle time: 0.4ms
2025-08-13 16:00:18,584 - SimulationEngine - INFO - Active components: 7
2025-08-13 16:00:18,584 - SimulationEngine - INFO - Total parameters: 36
2025-08-13 16:00:18,584 - SimulationEngine - INFO - Time scale: 1.0x
2025-08-13 16:00:38,141 - EdgeGateway - INFO - Gateway stats: 1680 reads, 100.0% success, 62160 MQTT publishes
2025-08-13 16:00:48,633 - SimulationEngine - INFO - === Simulation Statistics ===
2025-08-13 16:00:48,633 - SimulationEngine - INFO - Simulation time: 339.1s
2025-08-13 16:00:48,633 - SimulationEngine - INFO - Simulation cycles: 3391
2025-08-13 16:00:48,633 - SimulationEngine - INFO - Average cycle time: 0.4ms
2025-08-13 16:00:48,633 - SimulationEngine - INFO - Active components: 7
2025-08-13 16:00:48,633 - SimulationEngine - INFO - Total parameters: 36
2025-08-13 16:00:48,633 - SimulationEngine - INFO - Time scale: 1.0x
2025-08-13 16:01:18,678 - SimulationEngine - INFO - === Simulation Statistics ===
2025-08-13 16:01:18,678 - SimulationEngine - INFO - Simulation time: 342.1s
2025-08-13 16:01:18,678 - SimulationEngine - INFO - Simulation cycles: 3421
2025-08-13 16:01:18,678 - SimulationEngine - INFO - Average cycle time: 0.4ms
2025-08-13 16:01:18,678 - SimulationEngine - INFO - Active components: 7
2025-08-13 16:01:18,678 - SimulationEngine - INFO - Total parameters: 36
2025-08-13 16:01:18,678 - SimulationEngine - INFO - Time scale: 1.0x
2025-08-13 16:01:38,583 - EdgeGateway - INFO - Gateway stats: 1710 reads, 100.0% success, 63270 MQTT publishes
2025-08-13 16:01:48,724 - SimulationEngine - INFO - === Simulation Statistics ===
2025-08-13 16:01:48,724 - SimulationEngine - INFO - Simulation time: 345.1s
2025-08-13 16:01:48,724 - SimulationEngine - INFO - Simulation cycles: 3451
2025-08-13 16:01:48,724 - SimulationEngine - INFO - Average cycle time: 0.4ms
2025-08-13 16:01:48,724 - SimulationEngine - INFO - Active components: 7
2025-08-13 16:01:48,724 - SimulationEngine - INFO - Total parameters: 36
2025-08-13 16:01:48,724 - SimulationEngine - INFO - Time scale: 1.0x
2025-08-13 16:02:18,770 - SimulationEngine - INFO - === Simulation Statistics ===
2025-08-13 16:02:18,771 - SimulationEngine - INFO - Simulation time: 348.1s
2025-08-13 16:02:18,771 - SimulationEngine - INFO - Simulation cycles: 3481
2025-08-13 16:02:18,771 - SimulationEngine - INFO - Average cycle time: 0.4ms
2025-08-13 16:02:18,771 - SimulationEngine - INFO - Active components: 7
2025-08-13 16:02:18,771 - SimulationEngine - INFO - Total parameters: 36
2025-08-13 16:02:18,771 - SimulationEngine - INFO - Time scale: 1.0x
2025-08-13 16:02:39,019 - EdgeGateway - INFO - Gateway stats: 1740 reads, 100.0% success, 64380 MQTT publishes
2025-08-13 16:02:48,824 - SimulationEngine - INFO - === Simulation Statistics ===
2025-08-13 16:02:48,824 - SimulationEngine - INFO - Simulation time: 351.1s
2025-08-13 16:02:48,824 - SimulationEngine - INFO - Simulation cycles: 3511
2025-08-13 16:02:48,824 - SimulationEngine - INFO - Average cycle time: 0.4ms
2025-08-13 16:02:48,824 - SimulationEngine - INFO - Active components: 7
2025-08-13 16:02:48,824 - SimulationEngine - INFO - Total parameters: 36
2025-08-13 16:02:48,824 - SimulationEngine - INFO - Time scale: 1.0x
2025-08-13 16:03:18,872 - SimulationEngine - INFO - === Simulation Statistics ===
2025-08-13 16:03:18,872 - SimulationEngine - INFO - Simulation time: 354.1s
2025-08-13 16:03:18,872 - SimulationEngine - INFO - Simulation cycles: 3541
2025-08-13 16:03:18,872 - SimulationEngine - INFO - Average cycle time: 0.4ms
2025-08-13 16:03:18,872 - SimulationEngine - INFO - Active components: 7
2025-08-13 16:03:18,872 - SimulationEngine - INFO - Total parameters: 36
2025-08-13 16:03:18,873 - SimulationEngine - INFO - Time scale: 1.0x
2025-08-13 16:03:39,451 - EdgeGateway - INFO - Gateway stats: 1770 reads, 100.0% success, 65490 MQTT publishes
2025-08-13 16:03:48,923 - SimulationEngine - INFO - === Simulation Statistics ===
2025-08-13 16:03:48,923 - SimulationEngine - INFO - Simulation time: 357.1s
2025-08-13 16:03:48,923 - SimulationEngine - INFO - Simulation cycles: 3571
2025-08-13 16:03:48,923 - SimulationEngine - INFO - Average cycle time: 0.4ms
2025-08-13 16:03:48,924 - SimulationEngine - INFO - Active components: 7
2025-08-13 16:03:48,924 - SimulationEngine - INFO - Total parameters: 36
2025-08-13 16:03:48,924 - SimulationEngine - INFO - Time scale: 1.0x
2025-08-13 16:04:18,968 - SimulationEngine - INFO - === Simulation Statistics ===
2025-08-13 16:04:18,968 - SimulationEngine - INFO - Simulation time: 360.1s
2025-08-13 16:04:18,968 - SimulationEngine - INFO - Simulation cycles: 3601
2025-08-13 16:04:18,968 - SimulationEngine - INFO - Average cycle time: 0.4ms
2025-08-13 16:04:18,968 - SimulationEngine - INFO - Active components: 7
2025-08-13 16:04:18,968 - SimulationEngine - INFO - Total parameters: 36
2025-08-13 16:04:18,968 - SimulationEngine - INFO - Time scale: 1.0x
2025-08-13 16:04:39,894 - EdgeGateway - INFO - Gateway stats: 1800 reads, 100.0% success, 66600 MQTT publishes
2025-08-13 16:04:49,009 - SimulationEngine - INFO - === Simulation Statistics ===
2025-08-13 16:04:49,010 - SimulationEngine - INFO - Simulation time: 363.1s
2025-08-13 16:04:49,010 - SimulationEngine - INFO - Simulation cycles: 3631
2025-08-13 16:04:49,010 - SimulationEngine - INFO - Average cycle time: 0.4ms
2025-08-13 16:04:49,010 - SimulationEngine - INFO - Active components: 7
2025-08-13 16:04:49,010 - SimulationEngine - INFO - Total parameters: 36
2025-08-13 16:04:49,010 - SimulationEngine - INFO - Time scale: 1.0x
2025-08-13 16:05:19,061 - SimulationEngine - INFO - === Simulation Statistics ===
2025-08-13 16:05:19,062 - SimulationEngine - INFO - Simulation time: 366.1s
2025-08-13 16:05:19,062 - SimulationEngine - INFO - Simulation cycles: 3661
2025-08-13 16:05:19,062 - SimulationEngine - INFO - Average cycle time: 0.4ms
2025-08-13 16:05:19,062 - SimulationEngine - INFO - Active components: 7
2025-08-13 16:05:19,062 - SimulationEngine - INFO - Total parameters: 36
2025-08-13 16:05:19,062 - SimulationEngine - INFO - Time scale: 1.0x
2025-08-13 16:05:40,330 - EdgeGateway - INFO - Gateway stats: 1830 reads, 100.0% success, 67710 MQTT publishes
2025-08-13 16:05:49,113 - SimulationEngine - INFO - === Simulation Statistics ===
2025-08-13 16:05:49,114 - SimulationEngine - INFO - Simulation time: 369.1s
2025-08-13 16:05:49,114 - SimulationEngine - INFO - Simulation cycles: 3691
2025-08-13 16:05:49,114 - SimulationEngine - INFO - Average cycle time: 0.4ms
2025-08-13 16:05:49,114 - SimulationEngine - INFO - Active components: 7
2025-08-13 16:05:49,114 - SimulationEngine - INFO - Total parameters: 36
2025-08-13 16:05:49,114 - SimulationEngine - INFO - Time scale: 1.0x
2025-08-13 16:06:19,165 - SimulationEngine - INFO - === Simulation Statistics ===
2025-08-13 16:06:19,165 - SimulationEngine - INFO - Simulation time: 372.1s
2025-08-13 16:06:19,165 - SimulationEngine - INFO - Simulation cycles: 3721
2025-08-13 16:06:19,165 - SimulationEngine - INFO - Average cycle time: 0.4ms
2025-08-13 16:06:19,165 - SimulationEngine - INFO - Active components: 7
2025-08-13 16:06:19,165 - SimulationEngine - INFO - Total parameters: 36
2025-08-13 16:06:19,165 - SimulationEngine - INFO - Time scale: 1.0x
